00:00 +0: loading C:/Users/pfaus/.gemini/antigravity/scratch/angry_battery/test/widget_test.dart
lib/theme/app_theme.dart:77:18: Error: The argument type 'CardTheme' can't be assigned to the parameter type 'CardThemeData?'.
 - 'CardTheme' is from 'package:flutter/src/material/card_theme.dart' ('../flutter/packages/flutter/lib/src/material/card_theme.dart').
 - 'CardThemeData' is from 'package:flutter/src/material/card_theme.dart' ('../flutter/packages/flutter/lib/src/material/card_theme.dart').
      cardTheme: CardTheme(
                 ^
00:00 +0 -1: loading C:/Users/pfaus/.gemini/antigravity/scratch/angry_battery/test/widget_test.dart [E]
  Failed to load "C:/Users/pfaus/.gemini/antigravity/scratch/angry_battery/test/widget_test.dart":
  Compilation failed for testPath=C:/Users/pfaus/.gemini/antigravity/scratch/angry_battery/test/widget_test.dart: lib/theme/app_theme.dart:77:18: Error: The argument type 'CardTheme' can't be assigned to the parameter type 'CardThemeData?'.
   - 'CardTheme' is from 'package:flutter/src/material/card_theme.dart' ('../flutter/packages/flutter/lib/src/material/card_theme.dart').
   - 'CardThemeData' is from 'package:flutter/src/material/card_theme.dart' ('../flutter/packages/flutter/lib/src/material/card_theme.dart').
        cardTheme: CardTheme(
                   ^
  .
00:00 +0 -1: Some tests failed.
